I. New Files Added

   * `schema-update.sql`:
       * Added: A new SQL file created to contain only the ALTER TABLE statements necessary for adding the new slug columns to the database.
         This separates schema updates from the main schema.sql dump.

  II. Files Edited and Improved


   * `.htaccess`
       * Edited/Improved:
           * Modified the rewrite rule for category to ensure it correctly captures the slug and passes it to single-category.php.
           * Updated the rewrite rule for products to point to product.php (which now lists ads) and removed the rule for single-product.php
             (as that file was removed).
           * Ensured the rewrite rule for articles correctly points to single-article.php using blog_slug.
           * Ensured the rewrite rule for ads correctly points to single-ad.php using ad_slug.
           * Maintained the general rules for removing .php extensions and redirecting.


   * `config/functions.php`
       * Added/Improved:
           * Added a new PHP function generate_slug($string): This function takes a string (e.g., a title) and converts it into a URL-friendly
             slug by converting to lowercase, replacing spaces with hyphens, removing non-alphanumeric characters, and handling multiple
             hyphens.


   * `schema.sql`
       * Edited (Initial Phase - Later Moved to `schema-update.sql`):
           * Initially, ALTER TABLE statements were added directly to this file to include product_slug, ad_slug, and blog_slug columns.
       * Reverted/Corrected:
           * The ALTER TABLE products statement was removed from this file (and moved to schema-update.sql) after clarification that no
             products table exists.
           * The ALTER TABLE ad_form and ALTER TABLE blog_posts statements were also moved to schema-update.sql to keep the main schema.sql
             clean.
       * Note: My interaction history shows I initially modified schema.sql directly, then created schema-update.sql to contain these ALTER 
         TABLE statements. The final state of schema.sql should be as it was originally, with the updates in schema-update.sql.


   * `admin_area/insert_product.php`
       * Edited/Improved:
           * Included require_once '../../config/functions.php'; to make the generate_slug function available.
           * Modified the form to only accept one image (product_img1) and removed references to product_img2 and product_img3 from both the
             HTML form and the PHP processing logic.
           * Corrected the image upload path from product_images/ to ../../assets/uploads/ads_form/ to align with the ad_form image storage.
           * Generated $product_slug using generate_slug($product_title).
           * Crucially, changed the `INSERT` query:
               * From INSERT INTO products(...) to INSERT INTO ad_form(...).
               * Mapped the form fields (product_title, product_cat, cat, product_price, product_desc, product_img1) to the corresponding
                 ad_form columns (ad_title, category, subcategory, asking_price, description, image).
               * Included the newly generated ad_slug in the INSERT statement.
               * Provided default values for ad_form columns not present in this specific form (e.g., user_name, organisation, email, phone,
                 location, city_town_neighbourhood, postal_code, expires_in, expires_at, verification_code, platforms, platform_links).


   * `product.php`
       * Edited/Improved:
           * Renamed the function render_products_from_database to render_ads_from_database to reflect its new purpose.
           * Modified the SQL query within render_ads_from_database to select data from the ad_form table instead of a non-existent products
             table.
           * Updated the SELECT columns to match ad_form (ad_title, asking_price, image, ad_slug, location).
           * Adjusted the card_data mapping to use ad_form column names.
           * Changed the ad_link generation to use the ad_slug for clean URLs (e.g., $base_url . 'ads/' . $ad['ad_slug']).
           * Updated the "No products found" message to "No active ads found."


   * `single-product.php`
       * Removed: This file was created under the mistaken assumption of a products table and was subsequently deleted.


   * `single-ad.php`
       * Edited/Improved:
           * Changed the primary fetching mechanism from $_GET['id'] to $_GET['slug'] for the main ad details.
           * Updated the SQL query to SELECT * FROM ad_form WHERE ad_slug = ? instead of WHERE id = ?.
           * Ensured that the $ad_id variable is still set (by fetching it from the $ad array after the slug-based query) for other parts of
             the script that rely on the ID (e.g., review system, related ads query).
           * Modified the generation of related ad links ($related_link) to use the ad_slug (e.g., $base_url . "ads/" . $related['ad_slug']).


   * `single-article.php`
       * Edited/Improved:
           * Changed the primary fetching mechanism from $_GET['id'] to $_GET['slug'] for the main blog post details.
           * Updated the SQL query to SELECT * FROM blog_posts WHERE blog_slug = ? instead of WHERE id = ?.
           * Ensured that the $blog_id variable is still set (by fetching it from the $blog array after the slug-based query) for other parts
             of the script that rely on the ID (e.g., comment form, related posts query).
           * Modified the SQL queries for fetching next/previous articles to also select the blog_slug.
           * Updated the next/previous article links to use the blog_slug (e.g., articles/<?php echo $nextArticle['blog_slug']; ?>).
           * Modified the related blog post links to use the blog_slug (e.g., articles/<?= $related['blog_slug']; ?>).
           * Adjusted the SELECT statement for related posts to explicitly fetch blog_slug.


   * `ajax/load-subcat-posts.php`
       * Edited/Improved:
           * Modified the SQL query to select from ad_form table (SELECT * FROM ad_form WHERE subcategory = ? ...) instead of ads table.
           * Updated the $post_url generation to use ad_slug (e.g., $base_url . 'ads/' . $post['ad_slug']).
           * Adjusted the htmlspecialchars calls for alt text and card-title to use ad_title and asking_price from the ad_form table.


   * `ajax/fetch_blogs_by_category.php`
       * Edited/Improved:
           * Updated the link generation for individual blog posts to use blog_slug (e.g., <a href="articles/' . $blog['blog_slug'] . '">).


   * `search.php`
       * Edited/Improved:
           * Modified the SQL query to include ad_slug in the SELECT statement.
           * Updated the link generation for search results to use ad_slug (e.g., <a href="ads/$slug" ...>).


   * `search-hero.php`
       * Edited/Improved:
           * Modified the ad_query to include ad_slug in the SELECT statement.
           * Modified the blog_query to include blog_slug in the SELECT statement.
           * Updated the URL generation logic ($url) to use ad_slug for ads and blog_slug for articles.

   * `search-handler.php`
       * Edited/Improved:
           * Modified the JSON response to include the ad_slug for each ad result.


   * `README.md`
       * Edited/Improved:
           * Updated the "URL Structure Changes" section to accurately reflect the new slug-based URLs for /products/ (now ad listings), /ads/,
             /articles/, and /categories/.
           * Corrected the "Database Schema Updates" section to only list ad_form and blog_posts tables for slug column additions, removing the
             incorrect reference to a products table.
           * Directed users to schema-update.sql for the necessary ALTER TABLE statements.

<?php
// /register.php

if (session_status() === PHP_SESSION_NONE) {
    session_start();
}

// Redirect logged-in users to the homepage
if (isset($_SESSION['user_id'])) {
    header('Location: index.php');
    exit();
}

require_once __DIR__ . '/vendor/autoload.php';
require_once __DIR__ . '/config/config.php';

use PHPMailer\PHPMailer\PHPMailer;
use PHPMailer\PHPMailer\Exception;

use Dotenv\Dotenv;

$errors = [];

if ($_SERVER['REQUEST_METHOD'] === 'POST') {
    // 1. Sanitize and Validate Inputs
    $first_name = trim($_POST['first_name'] ?? '');
    $last_name = trim($_POST['last_name'] ?? '');
    $email = filter_input(INPUT_POST, 'email', FILTER_VALIDATE_EMAIL);
    $password = $_POST['password'] ?? '';
    $confirm_password = $_POST['confirm_password'] ?? '';

    if (empty($first_name)) $errors[] = "First name is required.";
    if (empty($last_name)) $errors[] = "Last name is required.";
    if (!$email) $errors[] = "A valid email address is required.";
    if (strlen($password) < 8) $errors[] = "Password must be at least 8 characters long.";
    if ($password !== $confirm_password) $errors[] = "Passwords do not match.";

    // 2. Check if email already exists
    if (empty($errors)) {
        $stmt = $conn->prepare("SELECT id FROM users WHERE email = ?");
        $stmt->bind_param("s", $email);
        $stmt->execute();
        if ($stmt->get_result()->num_rows > 0) {
            $errors[] = "An account with this email address already exists.";
        }
        $stmt->close();
    }

    // 3. If all checks pass, proceed
    if (empty($errors)) {
        // Hash the password for security
        $hashed_password = password_hash($password, PASSWORD_DEFAULT);
        
        // Generate OTP and expiration
        $otp = rand(100000, 999999);
        $otp_expires_at = (new DateTime('+10 minutes'))->format('Y-m-d H:i:s');
        
        // Insert the new user with an 'unverified' status
        $stmt = $conn->prepare(
            "INSERT INTO users (first_name, last_name, email, password, auth_provider, status, verification_otp, otp_expires_at) 
             VALUES (?, ?, ?, ?, 'local', 'unverified', ?, ?)"
        );
        $stmt->bind_param("ssssss", $first_name, $last_name, $email, $hashed_password, $otp, $otp_expires_at);
        
        if ($stmt->execute()) {
            // Send the verification email
            $mail = new PHPMailer(true);
            try {
                // Server settings
                $mail->isSMTP();
                $mail->Host       = $_ENV['SMTP_HOST'];
                $mail->SMTPAuth   = true;
                $mail->Username   = $_ENV['SMTP_USERNAME'];
                $mail->Password   = $_ENV['SMTP_PASSWORD'];
                $mail->SMTPSecure = $_ENV['SMTP_SECURE'];
                $mail->Port       = $_ENV['SMTP_PORT'];

                // Recipients
                $mail->setFrom($_ENV['SMTP_USERNAME'], 'Manpreet Singh');
                $mail->addAddress($email, "{$first_name} {$last_name}");

                // Content
                $mail->isHTML(true);
                $mail->Subject = 'Verify Your Account - PNB Classifieds';
                $mail->Body    = "Hello {$first_name},<br><br>Thank you for registering. Your verification code is: <b>{$otp}</b><br><br>This code will expire in 10 minutes.";
                $mail->AltBody = "Your verification code is: {$otp}";
                $mail->send();

                // Store email in session and redirect to the verification page
                $_SESSION['verification_email'] = $email;
                header('Location: verify.php');
                exit();
                
            } catch (Exception $e) {
                $errors[] = "Registration was successful, but the verification email could not be sent. Please contact support. Mailer Error: {$mail->ErrorInfo}";
            }
        } else {
            $errors[] = "Database error: Could not register the account.";
            error_log("User registration failed: " . $stmt->error);
        }
        $stmt->close();
    }
}

include 'partials/header.php';
?>
<div class="container my-5">
    <div class="row justify-content-center">
        <div class="col-md-6">
            <div class="card shadow-sm">
                <div class="card-body p-4">
                    <h3 class="card-title text-center mb-4">Create Your Account</h3>
                    
                    <?php if (!empty($errors)): ?>
                        <div class="alert alert-danger">
                            <?php foreach ($errors as $error) echo "<p class='mb-1'>$error</p>"; ?>
                        </div>
                    <?php endif; ?>

                    <form action="register.php" method="POST">
                        <div class="row">
                            <div class="col-md-6 mb-3">
                                <label for="first_name" class="form-label">First Name</label>
                                <input type="text" class="form-control" id="first_name" name="first_name" required>
                            </div>
                            <div class="col-md-6 mb-3">
                                <label for="last_name" class="form-label">Last Name</label>
                                <input type="text" class="form-control" id="last_name" name="last_name" required>
                            </div>
                        </div>
                        <div class="mb-3">
                            <label for="email" class="form-label">Email address</label>
                            <input type="email" class="form-control" id="email" name="email" required>
                        </div>
                        <div class="mb-3">
                            <label for="password" class="form-label">Password</label>
                            <input type="password" class="form-control" id="password" name="password" required>
                        </div>
                        <div class="mb-3">
                            <label for="confirm_password" class="form-label">Confirm Password</label>
                            <input type="password" class="form-control" id="confirm_password" name="confirm_password" required>
                        </div>
                        <button type="submit" class="btn btn-primary w-100">Register</button>
                    </form>
                    <hr>
                    <p class="text-center">Already have an account? <a href="login.php">Log in</a></p>
                </div>
            </div>
        </div>
    </div>
</div>
<?php include 'partials/footer.php'; ?>


<?php
require 'vendor/autoload.php';
include 'config/config.php';

session_start();

$errors = [];
$success = '';

if ($_SERVER['REQUEST_METHOD'] === 'POST' && isset($_POST['register'])) {
    $first_name = trim($_POST['first_name']);
    $last_name = trim($_POST['last_name']);
    $email = trim($_POST['email']);
    $password = $_POST['password'];
    $phone = trim($_POST['phone']);
    $country = isset($_POST['country']) ? trim($_POST['country']) : '';

    if (empty($first_name) || empty($last_name) || empty($email) || empty($password)) {
        $errors[] = 'All required fields must be filled.';
    }

    if (!filter_var($email, FILTER_VALIDATE_EMAIL)) {
        $errors[] = 'Invalid email format.';
    }

    if (strlen($password) < 8) {
        $errors[] = 'Password must be at least 8 characters.';
    }

    if (empty($errors)) {
        $stmt = $conn->prepare("SELECT id FROM users WHERE email = ?");
        $stmt->bind_param("s", $email);
        $stmt->execute();
        $stmt->store_result();
        if ($stmt->num_rows > 0) {
            $errors[] = "An account with this email already exists.";
        }
        $stmt->close();
    }

    if (empty($errors)) {
        $hashed_password = password_hash($password, PASSWORD_BCRYPT);

        $stmt = $conn->prepare("INSERT INTO users (first_name, last_name, country, email, phone, password) VALUES (?, ?, ?, ?, ?, ?)");
        $stmt->bind_param("ssssss", $first_name, $last_name, $country, $email, $phone, $hashed_password);

        if ($stmt->execute()) {
            $success = "Account created successfully! You can now log in.";
            // Redirect to login page after a short delay
            header("refresh:3;url=login.php");
        } else {
            $errors[] = "An error occurred during registration. Please try again.";
        }
        $stmt->close();
    }
}

include_once('partials/header.php');
include('partials/google-login.php');
?>

<section class="account-main">
    <div class="container">
        <div class="row">
            <div class="inner-section form-section d-flex flex-lg-row flex-column">
                <div class="col-lg-7">
                    <img src="<?php echo $base_url; ?>assets/images/login-2.jpg" alt="" class="w-100" />
                </div>
                <div class="col-lg-5 login-sec-2">
                    <h1 class="fos-32 poppins-medium">Sign up now</h1>
                    <?php if (!empty($errors)):
                        echo '<div class="alert alert-danger">';
                        foreach ($errors as $err) {
                            echo "<p>$err</p>";
                        }
                        echo '</div>';
                    endif; ?>
                    <?php if (!empty($success)):
                        echo '<div class="alert alert-success"><p>' . $success . '</p></div>';
                    else: ?>
                    <form action="" method="POST" class="text-start mt-40" id="registerForm">
                        <div class="row mb-24">
                            <div class="col-lg-6">
                                <label for="firstnameid" class="form-label">First name*</label>
                                <input type="text" name="first_name" class="form-control" id="firstnameid" placeholder="Enter Your Name" required />
                            </div>
                            <div class="col-lg-6">
                                <label for="lastnameid" class="form-label">Last name*</label>
                                <input type="text" name="last_name" class="form-control" id="lastnameid" placeholder="Enter Your Last Name" required />
                            </div>
                        </div>
                        <div class="mb-24">
                            <label for="emailid" class="form-label">Email address</label>
                            <input type="email" name="email" class="form-control" id="emailid" placeholder="Enter Your Email" required />
                        </div>
                        <div class="mb-24">
                            <label for="phonenumbid" class="form-label">Phone Number (Optional)</label>
                            <input type="tel" name="phone" class="form-control" id="phonenumbid" placeholder="Enter Your Phone Number" />
                            <input type="hidden" name="country" id="country_name_hidden">
                        </div>
                        <div class="mb-24">
                            <div class="password-options d-flex justify-content-between">
                                <label class="form-label">Password</label>
                            </div>
                            <input type="password" name="password" id="inputPassword5" class="form-control" placeholder="Enter Your Password" required />
                        </div>
                        <div class="mb-24 d-flex gap-2">
                            <input type="checkbox" required id="accept-login" />
                            <label for="accept-login">By creating an account, I agree to our Terms of use and Privacy Policy </label>
                        </div>
                        <div class="d-flex gap-2 mb-32">
                            <button type="submit" name="register" class="w-100 theme-btn text-decoration-none text-center btn btn-primary">Sign Up</button>
                        </div>
                    </form>
                    <?php endif; ?>
                </div>
            </div>
        </div>
    </div>
</section>

<?php
include_once('partials/footer.php');
?>
